// Jest Snapshot v1, https://goo.gl/fbAQLP

exports[`World Data renders 1`] = `null`;
